// Jest Snapshot v1, https://goo.gl/fbAQLP

exports[`CharacterListItem matches snapshot 1`] = `ShallowWrapper {}`;
