// Jest Snapshot v1, https://goo.gl/fbAQLP

exports[`CharacterList matches snapshot 1`] = `ShallowWrapper {}`;
